// Jest Snapshot v1, https://jestjs.io/docs/snapshot-testing

exports[`ClaimingYourStatePension Component renders component correctly 1`] = `
<div>
  <div
    class="mt-10 md:mt-16"
  >
    <div
      class="t-information-callout border border-slate-400 rounded-bl-3xl p-6 pb-2 md:pr-10"
      data-testid="information-callout"
    >
      <h3
        class="text-xl md:text-2xl text-gray-800 font-bold flex flex-row gap-[10px] mb-4"
      >
        <svgr-mock
          class="size-8 shrink-0"
        />
        pages.pension-details.claiming-your-state-pension.heading
      </h3>
      <div
        class="[&_ul]:mb-[1rem] [&_ul>li::marker]:text-[0.6em] [&_ol]:mb-[1rem] [&_ol>li]:ml-[0.5rem] [&_ol>li]:pl-[0.5rem] [&_ol]:list-decimal [&_ul]:pl-0 [&_ul>li]:ml-[0px] [&_ul>li]:mb-3 [&_ul>li]:pl-[2rem] [&_ul>li]:list-none [&_ul>li]:relative [&_ul>li:before]:content-[''] [&_ul>li:before]:block [&_ul>li:before]:absolute [&_ul>li:before]:left-0 [&_ul>li:before]:top-2 [&_ul>li:before]:bg-cover [&_ul>li:before]:bg-no-repeat [&_ul>li:before]:w-[20px] [&_ul>li:before]:h-[14px] mb-0 [&_ul>li:before]:bg-tick_grey"
        data-testid="rich-text"
      >
        <div
          class="flex items-center"
          data-testid="list-element"
        >
          <ul
            class="marker:mr-2 marker:pr-2 space-y-2 marker:leading-snug list-disc marker:text-blue-700 !mb-0"
            start="-1"
          >
            <li>
              <p
                class="break-words mb-4"
                data-testid="paragraph"
              >
                item1
              </p>
            </li>
            <li>
              <p
                class="break-words mb-4"
                data-testid="paragraph"
              >
                item2
              </p>
            </li>
            <li>
              <p
                class="break-words mb-4"
                data-testid="paragraph"
              >
                item3
              </p>
            </li>
          </ul>
        </div>
      </div>
    </div>
  </div>
</div>
`;
