// Jest Snapshot v1, https://jestjs.io/docs/snapshot-testing

exports[`StatePensionMessage does not render if pension type is not state pension 1`] = `<div />`;

exports[`StatePensionMessage renders English when no locale is provided 1`] = `
<div>
  <div
    class="mt-10 md:mt-16"
  >
    <h2
      class="text-gray-800 mt-10 mb-5 text-3xl font-bold md:text-5xl"
    >
      pages.pension-details.headings.state-pension
    </h2>
    <p
      class="mb-4 break-words"
      data-testid="paragraph"
    >
      State Pension Message English
    </p>
  </div>
</div>
`;

exports[`StatePensionMessage renders correctly 1`] = `
<div>
  <div
    class="mt-10 md:mt-16"
  >
    <h2
      class="text-gray-800 mt-10 mb-5 text-3xl font-bold md:text-5xl"
    >
      pages.pension-details.headings.state-pension
    </h2>
    <p
      class="mb-4 break-words"
      data-testid="paragraph"
    >
      State Pension Message English
    </p>
  </div>
</div>
`;
