// Jest Snapshot v1, https://jestjs.io/docs/snapshot-testing

exports[`SearchForm component renders correctly 1`] = `
<form
  action="/en/search"
  class="flex lg:my-4 lg:w-[266px] w-full h-9 border-gray-650 relative z-1 border-1 rounded pr-8"
  data-testid="search-form"
  role="search"
>
  <input
    aria-label="Search"
    class="w-full p-2 rounded-l"
    id="q"
    name="q"
    required=""
    type="text"
  />
  <button
    aria-label="Search"
    class="p-1 bg-green-300 rounded-r absolute right-[-1px] top-[-1px] shadow-bottom-gray max-h-9 max-w-9"
    type="submit"
  >
    <search.svg
      aria-hidden="true"
      class=""
    />
  </button>
</form>
`;
