// Jest Snapshot v1, https://jestjs.io/docs/snapshot-testing

exports[`Save and return component renders correctly 1`] = `
<a
  class="inline-flex items-center gap-2 text-magenta-500 visited:text-purple-700 focus:text-gray-800 focus:bg-yellow-400 focus:shadow-link-focus focus-within:outline-none underline hover:no-underline focus:no-underline cursor-pointer active:text-gray-800 active:underline active:bg-transparent active:shadow-none"
  data-testid="save-return-test"
  href="/path-to-save-page?language=en"
>
  <svgr-mock
    class=""
  />
   
  Save and come back later
</a>
`;
