// Jest Snapshot v1, https://jestjs.io/docs/snapshot-testing

exports[`LeavePotUntouchedResults should render correctly with default props 1`] = `
<div>
  <div
    aria-live="polite"
    id="results"
  >
    <h2
      class="text-3xl md:text-5xl font-bold text-blue-700 mb-6 md:mb-8"
    >
      Your results
    </h2>
    <p>
      If you leave your pension invested and do not take any money out, here’s an estimate of how its value might change over the next 5 years.
    </p>
    <table
      class="table-auto w-full mb-6 my-4"
    >
      <caption
        class="invisible h-0"
      >
        Estimated pot growth
      </caption>
      <thead>
        <tr
          class="border-t border-slate-400"
        >
          <th
            class="text-left py-2"
          >
            Years left untouched
          </th>
          <th
            class="text-left py-2"
          >
            Estimated pension value
          </th>
        </tr>
      </thead>
      <tbody>
        <tr
          class="border-t border-slate-400 last:border-b"
        >
          <td
            class="font-semibold py-2"
          >
            1 year
          </td>
          <td
            class="font-semibold py-2"
          >
            <span>
              £107,800
            </span>
          </td>
        </tr>
        <tr
          class="border-t border-slate-400 last:border-b"
        >
          <td
            class="font-semibold py-2"
          >
            2 years
          </td>
          <td
            class="font-semibold py-2"
          >
            <span>
              £115,834
            </span>
          </td>
        </tr>
        <tr
          class="border-t border-slate-400 last:border-b"
        >
          <td
            class="font-semibold py-2"
          >
            3 years
          </td>
          <td
            class="font-semibold py-2"
          >
            <span>
              £124,109
            </span>
          </td>
        </tr>
        <tr
          class="border-t border-slate-400 last:border-b"
        >
          <td
            class="font-semibold py-2"
          >
            4 years
          </td>
          <td
            class="font-semibold py-2"
          >
            <span>
              £132,632
            </span>
          </td>
        </tr>
        <tr
          class="border-t border-slate-400 last:border-b"
        >
          <td
            class="font-semibold py-2"
          >
            5 years
          </td>
          <td
            class="font-semibold py-2"
          >
            <span>
              £141,411
            </span>
          </td>
        </tr>
      </tbody>
    </table>
    <div
      class=""
      data-testid="errors"
    >
      <fieldset
        class="mb-4"
      >
        <label
          class="text-2xl font-medium text-gray-800 inline-flex mb-2"
          for="updateMonth"
        >
          See what happens if you pay in more or less. Enter a different amount and select recalculate.
        </label>
        <div
          class="flex"
        >
          <div
            class="relative mr-2 max-w-[360px]"
          >
            <input
              aria-label="See what happens if you pay in more or less. Enter a different amount and select recalculate. In pounds."
              aria-required="true"
              class="tool-field w-full ml-0 h-auto focus:outline-none focus:shadow-focus-outline peer border-gray-400 border py-[8px] pl-[43px] rounded focus:border-blue-700"
              data-testid="updateMonth"
              id="updateMonth"
              inputmode="numeric"
              name="updateMonth"
              type="text"
              value="400"
            />
            <span
              aria-hidden="true"
              class="absolute bg-gray-100 top-0 left-0 py-2 px-3 rounded-l border-gray-400 border border-solid leading-[31px] text-[18px] h-full peer-focus:border-blue-700 peer-focus:border-r-gray-400"
            >
              £
            </span>
          </div>
        </div>
      </fieldset>
    </div>
    <div
      class="mt-8 text-base"
    >
      <p>
        Callout results message
      </p>
    </div>
  </div>
</div>
`;
